Archive member included to satisfy reference by file (symbol)

c:/st/stm32cubeide_1.9.0/stm32cubeide/plugins/com.st.stm32cube.ide.mcu.externaltools.gnu-tools-for-stm32.10.3-2021.10.win32_1.0.0.202111181127/tools/bin/../lib/gcc/arm-none-eabi/10.3.1/../../../../arm-none-eabi/lib/thumb/v7e-m+fp/hard\libc_nano.a(lib_a-errno.o)
                              ./Simple ASW/syscalls.o (__errno)
c:/st/stm32cubeide_1.9.0/stm32cubeide/plugins/com.st.stm32cube.ide.mcu.externaltools.gnu-tools-for-stm32.10.3-2021.10.win32_1.0.0.202111181127/tools/bin/../lib/gcc/arm-none-eabi/10.3.1/../../../../arm-none-eabi/lib/thumb/v7e-m+fp/hard\libc_nano.a(lib_a-exit.o)
                              c:/st/stm32cubeide_1.9.0/stm32cubeide/plugins/com.st.stm32cube.ide.mcu.externaltools.gnu-tools-for-stm32.10.3-2021.10.win32_1.0.0.202111181127/tools/bin/../lib/gcc/arm-none-eabi/10.3.1/../../../../arm-none-eabi/lib/thumb/v7e-m+fp/hard/crt0.o (exit)
c:/st/stm32cubeide_1.9.0/stm32cubeide/plugins/com.st.stm32cube.ide.mcu.externaltools.gnu-tools-for-stm32.10.3-2021.10.win32_1.0.0.202111181127/tools/bin/../lib/gcc/arm-none-eabi/10.3.1/../../../../arm-none-eabi/lib/thumb/v7e-m+fp/hard\libc_nano.a(lib_a-impure.o)
                              c:/st/stm32cubeide_1.9.0/stm32cubeide/plugins/com.st.stm32cube.ide.mcu.externaltools.gnu-tools-for-stm32.10.3-2021.10.win32_1.0.0.202111181127/tools/bin/../lib/gcc/arm-none-eabi/10.3.1/../../../../arm-none-eabi/lib/thumb/v7e-m+fp/hard\libc_nano.a(lib_a-exit.o) (_global_impure_ptr)
c:/st/stm32cubeide_1.9.0/stm32cubeide/plugins/com.st.stm32cube.ide.mcu.externaltools.gnu-tools-for-stm32.10.3-2021.10.win32_1.0.0.202111181127/tools/bin/../lib/gcc/arm-none-eabi/10.3.1/../../../../arm-none-eabi/lib/thumb/v7e-m+fp/hard\libc_nano.a(lib_a-init.o)
                              c:/st/stm32cubeide_1.9.0/stm32cubeide/plugins/com.st.stm32cube.ide.mcu.externaltools.gnu-tools-for-stm32.10.3-2021.10.win32_1.0.0.202111181127/tools/bin/../lib/gcc/arm-none-eabi/10.3.1/../../../../arm-none-eabi/lib/thumb/v7e-m+fp/hard/crt0.o (__libc_init_array)
c:/st/stm32cubeide_1.9.0/stm32cubeide/plugins/com.st.stm32cube.ide.mcu.externaltools.gnu-tools-for-stm32.10.3-2021.10.win32_1.0.0.202111181127/tools/bin/../lib/gcc/arm-none-eabi/10.3.1/../../../../arm-none-eabi/lib/thumb/v7e-m+fp/hard\libc_nano.a(lib_a-memset.o)
                              c:/st/stm32cubeide_1.9.0/stm32cubeide/plugins/com.st.stm32cube.ide.mcu.externaltools.gnu-tools-for-stm32.10.3-2021.10.win32_1.0.0.202111181127/tools/bin/../lib/gcc/arm-none-eabi/10.3.1/../../../../arm-none-eabi/lib/thumb/v7e-m+fp/hard/crt0.o (memset)

Discarded input sections

 .text          0x0000000000000000        0x0 c:/st/stm32cubeide_1.9.0/stm32cubeide/plugins/com.st.stm32cube.ide.mcu.externaltools.gnu-tools-for-stm32.10.3-2021.10.win32_1.0.0.202111181127/tools/bin/../lib/gcc/arm-none-eabi/10.3.1/thumb/v7e-m+fp/hard/crti.o
 .data          0x0000000000000000        0x0 c:/st/stm32cubeide_1.9.0/stm32cubeide/plugins/com.st.stm32cube.ide.mcu.externaltools.gnu-tools-for-stm32.10.3-2021.10.win32_1.0.0.202111181127/tools/bin/../lib/gcc/arm-none-eabi/10.3.1/thumb/v7e-m+fp/hard/crti.o
 .bss           0x0000000000000000        0x0 c:/st/stm32cubeide_1.9.0/stm32cubeide/plugins/com.st.stm32cube.ide.mcu.externaltools.gnu-tools-for-stm32.10.3-2021.10.win32_1.0.0.202111181127/tools/bin/../lib/gcc/arm-none-eabi/10.3.1/thumb/v7e-m+fp/hard/crti.o
 .data          0x0000000000000000        0x4 c:/st/stm32cubeide_1.9.0/stm32cubeide/plugins/com.st.stm32cube.ide.mcu.externaltools.gnu-tools-for-stm32.10.3-2021.10.win32_1.0.0.202111181127/tools/bin/../lib/gcc/arm-none-eabi/10.3.1/thumb/v7e-m+fp/hard/crtbegin.o
 .rodata        0x0000000000000000       0x24 c:/st/stm32cubeide_1.9.0/stm32cubeide/plugins/com.st.stm32cube.ide.mcu.externaltools.gnu-tools-for-stm32.10.3-2021.10.win32_1.0.0.202111181127/tools/bin/../lib/gcc/arm-none-eabi/10.3.1/thumb/v7e-m+fp/hard/crtbegin.o
 .text          0x0000000000000000       0x7c c:/st/stm32cubeide_1.9.0/stm32cubeide/plugins/com.st.stm32cube.ide.mcu.externaltools.gnu-tools-for-stm32.10.3-2021.10.win32_1.0.0.202111181127/tools/bin/../lib/gcc/arm-none-eabi/10.3.1/../../../../arm-none-eabi/lib/thumb/v7e-m+fp/hard/crt0.o
 .data          0x0000000000000000        0x0 c:/st/stm32cubeide_1.9.0/stm32cubeide/plugins/com.st.stm32cube.ide.mcu.externaltools.gnu-tools-for-stm32.10.3-2021.10.win32_1.0.0.202111181127/tools/bin/../lib/gcc/arm-none-eabi/10.3.1/../../../../arm-none-eabi/lib/thumb/v7e-m+fp/hard/crt0.o
 .bss           0x0000000000000000        0x0 c:/st/stm32cubeide_1.9.0/stm32cubeide/plugins/com.st.stm32cube.ide.mcu.externaltools.gnu-tools-for-stm32.10.3-2021.10.win32_1.0.0.202111181127/tools/bin/../lib/gcc/arm-none-eabi/10.3.1/../../../../arm-none-eabi/lib/thumb/v7e-m+fp/hard/crt0.o
 .ARM.extab     0x0000000000000000        0x0 c:/st/stm32cubeide_1.9.0/stm32cubeide/plugins/com.st.stm32cube.ide.mcu.externaltools.gnu-tools-for-stm32.10.3-2021.10.win32_1.0.0.202111181127/tools/bin/../lib/gcc/arm-none-eabi/10.3.1/../../../../arm-none-eabi/lib/thumb/v7e-m+fp/hard/crt0.o
 .ARM.exidx     0x0000000000000000       0x10 c:/st/stm32cubeide_1.9.0/stm32cubeide/plugins/com.st.stm32cube.ide.mcu.externaltools.gnu-tools-for-stm32.10.3-2021.10.win32_1.0.0.202111181127/tools/bin/../lib/gcc/arm-none-eabi/10.3.1/../../../../arm-none-eabi/lib/thumb/v7e-m+fp/hard/crt0.o
 .ARM.attributes
                0x0000000000000000       0x1c c:/st/stm32cubeide_1.9.0/stm32cubeide/plugins/com.st.stm32cube.ide.mcu.externaltools.gnu-tools-for-stm32.10.3-2021.10.win32_1.0.0.202111181127/tools/bin/../lib/gcc/arm-none-eabi/10.3.1/../../../../arm-none-eabi/lib/thumb/v7e-m+fp/hard/crt0.o
 .group         0x0000000000000000        0xc ./Driver/Src/driver_gpio.o
 .group         0x0000000000000000        0xc ./Driver/Src/driver_gpio.o
 .group         0x0000000000000000        0xc ./Driver/Src/driver_gpio.o
 .group         0x0000000000000000        0xc ./Driver/Src/driver_gpio.o
 .group         0x0000000000000000        0xc ./Driver/Src/driver_gpio.o
 .group         0x0000000000000000        0xc ./Driver/Src/driver_gpio.o
 .group         0x0000000000000000        0xc ./Driver/Src/driver_gpio.o
 .group         0x0000000000000000        0xc ./Driver/Src/driver_gpio.o
 .group         0x0000000000000000        0xc ./Driver/Src/driver_gpio.o
 .group         0x0000000000000000        0xc ./Driver/Src/driver_gpio.o
 .group         0x0000000000000000        0xc ./Driver/Src/driver_gpio.o
 .group         0x0000000000000000        0xc ./Driver/Src/driver_gpio.o
 .group         0x0000000000000000        0xc ./Driver/Src/driver_gpio.o
 .text          0x0000000000000000        0x0 ./Driver/Src/driver_gpio.o
 .data          0x0000000000000000        0x0 ./Driver/Src/driver_gpio.o
 .bss           0x0000000000000000        0x0 ./Driver/Src/driver_gpio.o
 .text.GPIO_DeInit
                0x0000000000000000       0xfc ./Driver/Src/driver_gpio.o
 .text.GPIO_ReadFromInputPort
                0x0000000000000000       0x1c ./Driver/Src/driver_gpio.o
 .text.GPIO_WriteToOutputPin
                0x0000000000000000       0x4a ./Driver/Src/driver_gpio.o
 .text.GPIO_WriteToOutputPort
                0x0000000000000000       0x1e ./Driver/Src/driver_gpio.o
 .text.GPIO_IRQITConfig
                0x0000000000000000      0x10c ./Driver/Src/driver_gpio.o
 .text.GPIO_IRQPriorityConfig
                0x0000000000000000       0x5c ./Driver/Src/driver_gpio.o
 .text.GPIO_IRQHandling
                0x0000000000000000       0x40 ./Driver/Src/driver_gpio.o
 .group         0x0000000000000000        0xc ./Driver/Src/driver_i2c.o
 .group         0x0000000000000000        0xc ./Driver/Src/driver_i2c.o
 .group         0x0000000000000000        0xc ./Driver/Src/driver_i2c.o
 .group         0x0000000000000000        0xc ./Driver/Src/driver_i2c.o
 .group         0x0000000000000000        0xc ./Driver/Src/driver_i2c.o
 .group         0x0000000000000000        0xc ./Driver/Src/driver_i2c.o
 .group         0x0000000000000000        0xc ./Driver/Src/driver_i2c.o
 .group         0x0000000000000000        0xc ./Driver/Src/driver_i2c.o
 .group         0x0000000000000000        0xc ./Driver/Src/driver_i2c.o
 .group         0x0000000000000000        0xc ./Driver/Src/driver_i2c.o
 .group         0x0000000000000000        0xc ./Driver/Src/driver_i2c.o
 .group         0x0000000000000000        0xc ./Driver/Src/driver_i2c.o
 .group         0x0000000000000000        0xc ./Driver/Src/driver_i2c.o
 .text          0x0000000000000000        0x0 ./Driver/Src/driver_i2c.o
 .data          0x0000000000000000        0x0 ./Driver/Src/driver_i2c.o
 .bss           0x0000000000000000        0x0 ./Driver/Src/driver_i2c.o
 .text.I2C_GenerateStartCondition
                0x0000000000000000       0x20 ./Driver/Src/driver_i2c.o
 .text.I2C_ExcuteAddressPhaseWrite
                0x0000000000000000       0x2c ./Driver/Src/driver_i2c.o
 .text.I2C_ExcuteAddressPhaseRead
                0x0000000000000000       0x30 ./Driver/Src/driver_i2c.o
 .text.I2C_ClearADDRFlag
                0x0000000000000000       0x6e ./Driver/Src/driver_i2c.o
 .text.I2C_GenerateStopCondition
                0x0000000000000000       0x20 ./Driver/Src/driver_i2c.o
 .text.I2C_SlaveEnableDisableCallbackEvents
                0x0000000000000000       0x68 ./Driver/Src/driver_i2c.o
 .text.I2C_CloseReceiveData
                0x0000000000000000       0x5c ./Driver/Src/driver_i2c.o
 .text.I2C_CloseSendData
                0x0000000000000000       0x46 ./Driver/Src/driver_i2c.o
 .text.I2C_SlaveSendData
                0x0000000000000000       0x1e ./Driver/Src/driver_i2c.o
 .text.I2C_SlaveReceiveData
                0x0000000000000000       0x1a ./Driver/Src/driver_i2c.o
 .text.I2C_PeriClockControl
                0x0000000000000000       0x70 ./Driver/Src/driver_i2c.o
 .text.I2C_Init
                0x0000000000000000      0x160 ./Driver/Src/driver_i2c.o
 .text.I2C_DeInit
                0x0000000000000000       0x64 ./Driver/Src/driver_i2c.o
 .text.I2C_MasterSendData
                0x0000000000000000       0xc0 ./Driver/Src/driver_i2c.o
 .text.I2C_MasterReceiveData
                0x0000000000000000       0xf8 ./Driver/Src/driver_i2c.o
 .text.I2C_ManageAcking
                0x0000000000000000       0x38 ./Driver/Src/driver_i2c.o
 .text.I2C_MasterSendDataIT
                0x0000000000000000       0x86 ./Driver/Src/driver_i2c.o
 .text.I2C_MasterReceiveDataIT
                0x0000000000000000       0x8c ./Driver/Src/driver_i2c.o
 .text.I2C_EV_IRQHandling
                0x0000000000000000      0x25c ./Driver/Src/driver_i2c.o
 .text.I2C_ER_IRQHandling
                0x0000000000000000      0x10c ./Driver/Src/driver_i2c.o
 .text.I2C_IRQITConfig
                0x0000000000000000      0x10c ./Driver/Src/driver_i2c.o
 .text.I2C_IRQPriorityConfig
                0x0000000000000000       0x5c ./Driver/Src/driver_i2c.o
 .text.I2C_GetFlagStatus
                0x0000000000000000       0x28 ./Driver/Src/driver_i2c.o
 .text.I2C_PeripheralControl
                0x0000000000000000       0x38 ./Driver/Src/driver_i2c.o
 .text.I2C_ApplicationEventCallBack
                0x0000000000000000       0x18 ./Driver/Src/driver_i2c.o
 .debug_info    0x0000000000000000      0xa63 ./Driver/Src/driver_i2c.o
 .debug_abbrev  0x0000000000000000      0x23a ./Driver/Src/driver_i2c.o
 .debug_aranges
                0x0000000000000000       0xe0 ./Driver/Src/driver_i2c.o
 .debug_ranges  0x0000000000000000       0xd0 ./Driver/Src/driver_i2c.o
 .debug_macro   0x0000000000000000       0xc2 ./Driver/Src/driver_i2c.o
 .debug_macro   0x0000000000000000      0xa84 ./Driver/Src/driver_i2c.o
 .debug_macro   0x0000000000000000       0x22 ./Driver/Src/driver_i2c.o
 .debug_macro   0x0000000000000000       0x8e ./Driver/Src/driver_i2c.o
 .debug_macro   0x0000000000000000       0x51 ./Driver/Src/driver_i2c.o
 .debug_macro   0x0000000000000000      0x103 ./Driver/Src/driver_i2c.o
 .debug_macro   0x0000000000000000       0x6a ./Driver/Src/driver_i2c.o
 .debug_macro   0x0000000000000000      0x1df ./Driver/Src/driver_i2c.o
 .debug_macro   0x0000000000000000      0x174 ./Driver/Src/driver_i2c.o
 .debug_macro   0x0000000000000000      0x74c ./Driver/Src/driver_i2c.o
 .debug_macro   0x0000000000000000       0xc4 ./Driver/Src/driver_i2c.o
 .debug_macro   0x0000000000000000       0xc4 ./Driver/Src/driver_i2c.o
 .debug_macro   0x0000000000000000      0x108 ./Driver/Src/driver_i2c.o
 .debug_macro   0x0000000000000000       0xd0 ./Driver/Src/driver_i2c.o
 .debug_line    0x0000000000000000      0xc80 ./Driver/Src/driver_i2c.o
 .debug_str     0x0000000000000000     0x6ce0 ./Driver/Src/driver_i2c.o
 .comment       0x0000000000000000       0x51 ./Driver/Src/driver_i2c.o
 .debug_frame   0x0000000000000000      0x3d8 ./Driver/Src/driver_i2c.o
 .ARM.attributes
                0x0000000000000000       0x34 ./Driver/Src/driver_i2c.o
 .group         0x0000000000000000        0xc ./Driver/Src/driver_rcc.o
 .group         0x0000000000000000        0xc ./Driver/Src/driver_rcc.o
 .group         0x0000000000000000        0xc ./Driver/Src/driver_rcc.o
 .group         0x0000000000000000        0xc ./Driver/Src/driver_rcc.o
 .group         0x0000000000000000        0xc ./Driver/Src/driver_rcc.o
 .group         0x0000000000000000        0xc ./Driver/Src/driver_rcc.o
 .group         0x0000000000000000        0xc ./Driver/Src/driver_rcc.o
 .group         0x0000000000000000        0xc ./Driver/Src/driver_rcc.o
 .group         0x0000000000000000        0xc ./Driver/Src/driver_rcc.o
 .group         0x0000000000000000        0xc ./Driver/Src/driver_rcc.o
 .group         0x0000000000000000        0xc ./Driver/Src/driver_rcc.o
 .group         0x0000000000000000        0xc ./Driver/Src/driver_rcc.o
 .group         0x0000000000000000        0xc ./Driver/Src/driver_rcc.o
 .text          0x0000000000000000        0x0 ./Driver/Src/driver_rcc.o
 .data          0x0000000000000000        0x0 ./Driver/Src/driver_rcc.o
 .bss           0x0000000000000000        0x0 ./Driver/Src/driver_rcc.o
 .data.AHB_PreScaler
                0x0000000000000000       0x10 ./Driver/Src/driver_rcc.o
 .data.APB1_PreScaler
                0x0000000000000000        0x4 ./Driver/Src/driver_rcc.o
 .text.RCC_GetPCLK1Value
                0x0000000000000000       0xb0 ./Driver/Src/driver_rcc.o
 .text.RCC_GetPCLK2Value
                0x0000000000000000       0xa0 ./Driver/Src/driver_rcc.o
 .text.RCC_GetPLLOutputClock
                0x0000000000000000       0x10 ./Driver/Src/driver_rcc.o
 .debug_info    0x0000000000000000      0x3c9 ./Driver/Src/driver_rcc.o
 .debug_abbrev  0x0000000000000000      0x111 ./Driver/Src/driver_rcc.o
 .debug_aranges
                0x0000000000000000       0x30 ./Driver/Src/driver_rcc.o
 .debug_ranges  0x0000000000000000       0x20 ./Driver/Src/driver_rcc.o
 .debug_macro   0x0000000000000000       0xbc ./Driver/Src/driver_rcc.o
 .debug_macro   0x0000000000000000      0xa84 ./Driver/Src/driver_rcc.o
 .debug_macro   0x0000000000000000       0x22 ./Driver/Src/driver_rcc.o
 .debug_macro   0x0000000000000000       0x8e ./Driver/Src/driver_rcc.o
 .debug_macro   0x0000000000000000       0x51 ./Driver/Src/driver_rcc.o
 .debug_macro   0x0000000000000000      0x103 ./Driver/Src/driver_rcc.o
 .debug_macro   0x0000000000000000       0x6a ./Driver/Src/driver_rcc.o
 .debug_macro   0x0000000000000000      0x1df ./Driver/Src/driver_rcc.o
 .debug_macro   0x0000000000000000      0x174 ./Driver/Src/driver_rcc.o
 .debug_macro   0x0000000000000000      0x74c ./Driver/Src/driver_rcc.o
 .debug_macro   0x0000000000000000       0xc4 ./Driver/Src/driver_rcc.o
 .debug_macro   0x0000000000000000       0xc4 ./Driver/Src/driver_rcc.o
 .debug_macro   0x0000000000000000       0xd6 ./Driver/Src/driver_rcc.o
 .debug_macro   0x0000000000000000      0x108 ./Driver/Src/driver_rcc.o
 .debug_line    0x0000000000000000      0x502 ./Driver/Src/driver_rcc.o
 .debug_str     0x0000000000000000     0x69a9 ./Driver/Src/driver_rcc.o
 .comment       0x0000000000000000       0x51 ./Driver/Src/driver_rcc.o
 .debug_frame   0x0000000000000000       0x7c ./Driver/Src/driver_rcc.o
 .ARM.attributes
                0x0000000000000000       0x34 ./Driver/Src/driver_rcc.o
 .group         0x0000000000000000        0xc ./Driver/Src/driver_spi.o
 .group         0x0000000000000000        0xc ./Driver/Src/driver_spi.o
 .group         0x0000000000000000        0xc ./Driver/Src/driver_spi.o
 .group         0x0000000000000000        0xc ./Driver/Src/driver_spi.o
 .group         0x0000000000000000        0xc ./Driver/Src/driver_spi.o
 .group         0x0000000000000000        0xc ./Driver/Src/driver_spi.o
 .group         0x0000000000000000        0xc ./Driver/Src/driver_spi.o
 .group         0x0000000000000000        0xc ./Driver/Src/driver_spi.o
 .group         0x0000000000000000        0xc ./Driver/Src/driver_spi.o
 .group         0x0000000000000000        0xc ./Driver/Src/driver_spi.o
 .group         0x0000000000000000        0xc ./Driver/Src/driver_spi.o
 .group         0x0000000000000000        0xc ./Driver/Src/driver_spi.o
 .group         0x0000000000000000        0xc ./Driver/Src/driver_spi.o
 .text          0x0000000000000000        0x0 ./Driver/Src/driver_spi.o
 .data          0x0000000000000000        0x0 ./Driver/Src/driver_spi.o
 .bss           0x0000000000000000        0x0 ./Driver/Src/driver_spi.o
 .text.SPI_PeriClockControl
                0x0000000000000000       0xa4 ./Driver/Src/driver_spi.o
 .text.SPI_Init
                0x0000000000000000       0xa8 ./Driver/Src/driver_spi.o
 .text.SPI_DeInit
                0x0000000000000000       0x98 ./Driver/Src/driver_spi.o
 .text.SPI_GetFlagStatus
                0x0000000000000000       0x28 ./Driver/Src/driver_spi.o
 .text.SPI_SendData
                0x0000000000000000       0x6e ./Driver/Src/driver_spi.o
 .text.SPI_ReceiveData
                0x0000000000000000       0x6e ./Driver/Src/driver_spi.o
 .text.SPI_SendDataIT
                0x0000000000000000       0x48 ./Driver/Src/driver_spi.o
 .text.SPI_ReceiveDataIT
                0x0000000000000000       0x48 ./Driver/Src/driver_spi.o
 .text.SPI_IRQITConfig
                0x0000000000000000      0x10c ./Driver/Src/driver_spi.o
 .text.SPI_IRQPriorityConfig
                0x0000000000000000       0x5c ./Driver/Src/driver_spi.o
 .text.SPI_IRQHandling
                0x0000000000000000       0x9a ./Driver/Src/driver_spi.o
 .text.SPI_PeripheralControl
                0x0000000000000000       0x38 ./Driver/Src/driver_spi.o
 .text.SPI_SSIConfig
                0x0000000000000000       0x38 ./Driver/Src/driver_spi.o
 .text.SPI_SSOEConfig
                0x0000000000000000       0x38 ./Driver/Src/driver_spi.o
 .text.spi_txe_interupt_handle
                0x0000000000000000       0x80 ./Driver/Src/driver_spi.o
 .text.spi_rxne_interupt_handle
                0x0000000000000000       0x84 ./Driver/Src/driver_spi.o
 .text.spi_ovr_err_interupt_handle
                0x0000000000000000       0x30 ./Driver/Src/driver_spi.o
 .text.SPI_ClearOVRFlag
                0x0000000000000000       0x20 ./Driver/Src/driver_spi.o
 .text.SPI_CloseTransmisson
                0x0000000000000000       0x36 ./Driver/Src/driver_spi.o
 .text.SPI_CloseRecception
                0x0000000000000000       0x36 ./Driver/Src/driver_spi.o
 .text.SPI_ApplicationEventCallBack
                0x0000000000000000       0x18 ./Driver/Src/driver_spi.o
 .debug_info    0x0000000000000000      0x8e5 ./Driver/Src/driver_spi.o
 .debug_abbrev  0x0000000000000000      0x1a6 ./Driver/Src/driver_spi.o
 .debug_aranges
                0x0000000000000000       0xc0 ./Driver/Src/driver_spi.o
 .debug_ranges  0x0000000000000000       0xb0 ./Driver/Src/driver_spi.o
 .debug_macro   0x0000000000000000       0xc2 ./Driver/Src/driver_spi.o
 .debug_macro   0x0000000000000000      0xa84 ./Driver/Src/driver_spi.o
 .debug_macro   0x0000000000000000       0x22 ./Driver/Src/driver_spi.o
 .debug_macro   0x0000000000000000       0x8e ./Driver/Src/driver_spi.o
 .debug_macro   0x0000000000000000       0x51 ./Driver/Src/driver_spi.o
 .debug_macro   0x0000000000000000      0x103 ./Driver/Src/driver_spi.o
 .debug_macro   0x0000000000000000       0x6a ./Driver/Src/driver_spi.o
 .debug_macro   0x0000000000000000      0x1df ./Driver/Src/driver_spi.o
 .debug_macro   0x0000000000000000      0x174 ./Driver/Src/driver_spi.o
 .debug_macro   0x0000000000000000      0x74c ./Driver/Src/driver_spi.o
 .debug_macro   0x0000000000000000       0xc4 ./Driver/Src/driver_spi.o
 .debug_macro   0x0000000000000000       0xd6 ./Driver/Src/driver_spi.o
 .debug_macro   0x0000000000000000      0x108 ./Driver/Src/driver_spi.o
 .debug_macro   0x0000000000000000       0xbe ./Driver/Src/driver_spi.o
 .debug_line    0x0000000000000000      0x972 ./Driver/Src/driver_spi.o
 .debug_str     0x0000000000000000     0x6c0d ./Driver/Src/driver_spi.o
 .comment       0x0000000000000000       0x51 ./Driver/Src/driver_spi.o
 .debug_frame   0x0000000000000000      0x33c ./Driver/Src/driver_spi.o
 .ARM.attributes
                0x0000000000000000       0x34 ./Driver/Src/driver_spi.o
 .group         0x0000000000000000        0xc ./Driver/Src/driver_uart.o
 .group         0x0000000000000000        0xc ./Driver/Src/driver_uart.o
 .group         0x0000000000000000        0xc ./Driver/Src/driver_uart.o
 .group         0x0000000000000000        0xc ./Driver/Src/driver_uart.o
 .group         0x0000000000000000        0xc ./Driver/Src/driver_uart.o
 .group         0x0000000000000000        0xc ./Driver/Src/driver_uart.o
 .group         0x0000000000000000        0xc ./Driver/Src/driver_uart.o
 .group         0x0000000000000000        0xc ./Driver/Src/driver_uart.o
 .group         0x0000000000000000        0xc ./Driver/Src/driver_uart.o
 .group         0x0000000000000000        0xc ./Driver/Src/driver_uart.o
 .group         0x0000000000000000        0xc ./Driver/Src/driver_uart.o
 .group         0x0000000000000000        0xc ./Driver/Src/driver_uart.o
 .group         0x0000000000000000        0xc ./Driver/Src/driver_uart.o
 .text          0x0000000000000000        0x0 ./Driver/Src/driver_uart.o
 .data          0x0000000000000000        0x0 ./Driver/Src/driver_uart.o
 .bss           0x0000000000000000        0x0 ./Driver/Src/driver_uart.o
 .text.USART_PeriClockControl
                0x0000000000000000       0x70 ./Driver/Src/driver_uart.o
 .text.USART_Init
                0x0000000000000000      0x106 ./Driver/Src/driver_uart.o
 .text.USART_DeInit
                0x0000000000000000       0x64 ./Driver/Src/driver_uart.o
 .text.USART_SendData
                0x0000000000000000       0x9c ./Driver/Src/driver_uart.o
 .text.USART_ReceiveData
                0x0000000000000000       0xb0 ./Driver/Src/driver_uart.o
 .text.USART_SendDataIT
                0x0000000000000000       0x5c ./Driver/Src/driver_uart.o
 .text.USART_ReceiveDataIT
                0x0000000000000000       0x52 ./Driver/Src/driver_uart.o
 .text.USART_IRQITConfig
                0x0000000000000000      0x10c ./Driver/Src/driver_uart.o
 .text.USART_IRQPriorityConfig
                0x0000000000000000       0x54 ./Driver/Src/driver_uart.o
 .text.USART_IRQHandling
                0x0000000000000000      0x344 ./Driver/Src/driver_uart.o
 .text.USART_GetFlagStatus
                0x0000000000000000       0x2a ./Driver/Src/driver_uart.o
 .text.USART_ClearFlag
                0x0000000000000000       0x18 ./Driver/Src/driver_uart.o
 .text.USART_PeripheralControl
                0x0000000000000000       0x38 ./Driver/Src/driver_uart.o
 .text.USART_SetBaudRate
                0x0000000000000000       0xe4 ./Driver/Src/driver_uart.o
 .text.USART_ApplicationEventCallback
                0x0000000000000000       0x18 ./Driver/Src/driver_uart.o
 .debug_info    0x0000000000000000      0x884 ./Driver/Src/driver_uart.o
 .debug_abbrev  0x0000000000000000      0x1ea ./Driver/Src/driver_uart.o
 .debug_aranges
                0x0000000000000000       0x90 ./Driver/Src/driver_uart.o
 .debug_ranges  0x0000000000000000       0x80 ./Driver/Src/driver_uart.o
 .debug_macro   0x0000000000000000       0xb8 ./Driver/Src/driver_uart.o
 .debug_macro   0x0000000000000000      0xa84 ./Driver/Src/driver_uart.o
 .debug_macro   0x0000000000000000       0x22 ./Driver/Src/driver_uart.o
 .debug_macro   0x0000000000000000       0x8e ./Driver/Src/driver_uart.o
 .debug_macro   0x0000000000000000       0x51 ./Driver/Src/driver_uart.o
 .debug_macro   0x0000000000000000      0x103 ./Driver/Src/driver_uart.o
 .debug_macro   0x0000000000000000       0x6a ./Driver/Src/driver_uart.o
 .debug_macro   0x0000000000000000      0x1df ./Driver/Src/driver_uart.o
 .debug_macro   0x0000000000000000      0x174 ./Driver/Src/driver_uart.o
 .debug_macro   0x0000000000000000      0x74c ./Driver/Src/driver_uart.o
 .debug_macro   0x0000000000000000       0xc4 ./Driver/Src/driver_uart.o
 .debug_macro   0x0000000000000000       0xc4 ./Driver/Src/driver_uart.o
 .debug_macro   0x0000000000000000       0xd6 ./Driver/Src/driver_uart.o
 .debug_macro   0x0000000000000000      0x108 ./Driver/Src/driver_uart.o
 .debug_line    0x0000000000000000      0xa7d ./Driver/Src/driver_uart.o
 .debug_str     0x0000000000000000     0x6c21 ./Driver/Src/driver_uart.o
 .comment       0x0000000000000000       0x51 ./Driver/Src/driver_uart.o
 .debug_frame   0x0000000000000000      0x258 ./Driver/Src/driver_uart.o
 .ARM.attributes
                0x0000000000000000       0x34 ./Driver/Src/driver_uart.o
 .group         0x0000000000000000        0xc ./Simple ASW/gpio_main.o
 .group         0x0000000000000000        0xc ./Simple ASW/gpio_main.o
 .group         0x0000000000000000        0xc ./Simple ASW/gpio_main.o
 .group         0x0000000000000000        0xc ./Simple ASW/gpio_main.o
 .group         0x0000000000000000        0xc ./Simple ASW/gpio_main.o
 .group         0x0000000000000000        0xc ./Simple ASW/gpio_main.o
 .group         0x0000000000000000        0xc ./Simple ASW/gpio_main.o
 .group         0x0000000000000000        0xc ./Simple ASW/gpio_main.o
 .group         0x0000000000000000        0xc ./Simple ASW/gpio_main.o
 .group         0x0000000000000000        0xc ./Simple ASW/gpio_main.o
 .group         0x0000000000000000        0xc ./Simple ASW/gpio_main.o
 .group         0x0000000000000000        0xc ./Simple ASW/gpio_main.o
 .group         0x0000000000000000        0xc ./Simple ASW/gpio_main.o
 .text          0x0000000000000000        0x0 ./Simple ASW/gpio_main.o
 .data          0x0000000000000000        0x0 ./Simple ASW/gpio_main.o
 .bss           0x0000000000000000        0x0 ./Simple ASW/gpio_main.o
 .debug_macro   0x0000000000000000      0xa84 ./Simple ASW/gpio_main.o
 .debug_macro   0x0000000000000000       0x22 ./Simple ASW/gpio_main.o
 .debug_macro   0x0000000000000000       0x8e ./Simple ASW/gpio_main.o
 .debug_macro   0x0000000000000000       0x51 ./Simple ASW/gpio_main.o
 .debug_macro   0x0000000000000000      0x103 ./Simple ASW/gpio_main.o
 .debug_macro   0x0000000000000000       0x6a ./Simple ASW/gpio_main.o
 .debug_macro   0x0000000000000000      0x1df ./Simple ASW/gpio_main.o
 .debug_macro   0x0000000000000000      0x174 ./Simple ASW/gpio_main.o
 .debug_macro   0x0000000000000000      0x74c ./Simple ASW/gpio_main.o
 .debug_macro   0x0000000000000000       0xc4 ./Simple ASW/gpio_main.o
 .debug_macro   0x0000000000000000       0xc4 ./Simple ASW/gpio_main.o
 .debug_macro   0x0000000000000000       0xd6 ./Simple ASW/gpio_main.o
 .debug_macro   0x0000000000000000      0x108 ./Simple ASW/gpio_main.o
 .group         0x0000000000000000        0xc ./Simple ASW/syscalls.o
 .group         0x0000000000000000        0xc ./Simple ASW/syscalls.o
 .group         0x0000000000000000        0xc ./Simple ASW/syscalls.o
 .group         0x0000000000000000        0xc ./Simple ASW/syscalls.o
 .group         0x0000000000000000        0xc ./Simple ASW/syscalls.o
 .group         0x0000000000000000        0xc ./Simple ASW/syscalls.o
 .group         0x0000000000000000        0xc ./Simple ASW/syscalls.o
 .group         0x0000000000000000        0xc ./Simple ASW/syscalls.o
 .group         0x0000000000000000        0xc ./Simple ASW/syscalls.o
 .group         0x0000000000000000        0xc ./Simple ASW/syscalls.o
 .group         0x0000000000000000        0xc ./Simple ASW/syscalls.o
 .group         0x0000000000000000        0xc ./Simple ASW/syscalls.o
 .group         0x0000000000000000        0xc ./Simple ASW/syscalls.o
 .group         0x0000000000000000        0xc ./Simple ASW/syscalls.o
 .group         0x0000000000000000        0xc ./Simple ASW/syscalls.o
 .group         0x0000000000000000        0xc ./Simple ASW/syscalls.o
 .group         0x0000000000000000        0xc ./Simple ASW/syscalls.o
 .group         0x0000000000000000        0xc ./Simple ASW/syscalls.o
 .group         0x0000000000000000        0xc ./Simple ASW/syscalls.o
 .group         0x0000000000000000        0xc ./Simple ASW/syscalls.o
 .group         0x0000000000000000        0xc ./Simple ASW/syscalls.o
 .group         0x0000000000000000        0xc ./Simple ASW/syscalls.o
 .group         0x0000000000000000        0xc ./Simple ASW/syscalls.o
 .group         0x0000000000000000        0xc ./Simple ASW/syscalls.o
 .group         0x0000000000000000        0xc ./Simple ASW/syscalls.o
 .group         0x0000000000000000        0xc ./Simple ASW/syscalls.o
 .group         0x0000000000000000        0xc ./Simple ASW/syscalls.o
 .group         0x0000000000000000        0xc ./Simple ASW/syscalls.o
 .group         0x0000000000000000        0xc ./Simple ASW/syscalls.o
 .group         0x0000000000000000        0xc ./Simple ASW/syscalls.o
 .group         0x0000000000000000        0xc ./Simple ASW/syscalls.o
 .group         0x0000000000000000        0xc ./Simple ASW/syscalls.o
 .group         0x0000000000000000        0xc ./Simple ASW/syscalls.o
 .group         0x0000000000000000        0xc ./Simple ASW/syscalls.o
 .group         0x0000000000000000        0xc ./Simple ASW/syscalls.o
 .group         0x0000000000000000        0xc ./Simple ASW/syscalls.o
 .group         0x0000000000000000        0xc ./Simple ASW/syscalls.o
 .group         0x0000000000000000        0xc ./Simple ASW/syscalls.o
 .group         0x0000000000000000        0xc ./Simple ASW/syscalls.o
 .group         0x0000000000000000        0xc ./Simple ASW/syscalls.o
 .group         0x0000000000000000        0xc ./Simple ASW/syscalls.o
 .group         0x0000000000000000        0xc ./Simple ASW/syscalls.o
 .group         0x0000000000000000        0xc ./Simple ASW/syscalls.o
 .group         0x0000000000000000        0xc ./Simple ASW/syscalls.o
 .group         0x0000000000000000        0xc ./Simple ASW/syscalls.o
 .group         0x0000000000000000        0xc ./Simple ASW/syscalls.o
 .group         0x0000000000000000        0xc ./Simple ASW/syscalls.o
 .text          0x0000000000000000        0x0 ./Simple ASW/syscalls.o
 .data          0x0000000000000000        0x0 ./Simple ASW/syscalls.o
 .bss           0x0000000000000000        0x0 ./Simple ASW/syscalls.o
 .bss.__env     0x0000000000000000        0x4 ./Simple ASW/syscalls.o
 .data.environ  0x0000000000000000        0x4 ./Simple ASW/syscalls.o
 .text.initialise_monitor_handles
                0x0000000000000000        0xe ./Simple ASW/syscalls.o
 .text._getpid  0x0000000000000000       0x10 ./Simple ASW/syscalls.o
 .text._kill    0x0000000000000000       0x20 ./Simple ASW/syscalls.o
 .text._exit    0x0000000000000000       0x14 ./Simple ASW/syscalls.o
 .text._read    0x0000000000000000       0x3a ./Simple ASW/syscalls.o
 .text._write   0x0000000000000000       0x38 ./Simple ASW/syscalls.o
 .text._close   0x0000000000000000       0x18 ./Simple ASW/syscalls.o
 .text._fstat   0x0000000000000000       0x20 ./Simple ASW/syscalls.o
 .text._isatty  0x0000000000000000       0x16 ./Simple ASW/syscalls.o
 .text._lseek   0x0000000000000000       0x1a ./Simple ASW/syscalls.o
 .text._open    0x0000000000000000       0x1c ./Simple ASW/syscalls.o
 .text._wait    0x0000000000000000       0x1e ./Simple ASW/syscalls.o
 .text._unlink  0x0000000000000000       0x1e ./Simple ASW/syscalls.o
 .text._times   0x0000000000000000       0x18 ./Simple ASW/syscalls.o
 .text._stat    0x0000000000000000       0x20 ./Simple ASW/syscalls.o
 .text._link    0x0000000000000000       0x20 ./Simple ASW/syscalls.o
 .text._fork    0x0000000000000000       0x16 ./Simple ASW/syscalls.o
 .text._execve  0x0000000000000000       0x22 ./Simple ASW/syscalls.o
 .debug_info    0x0000000000000000      0x6e0 ./Simple ASW/syscalls.o
 .debug_abbrev  0x0000000000000000      0x1b3 ./Simple ASW/syscalls.o
 .debug_aranges
                0x0000000000000000       0xa8 ./Simple ASW/syscalls.o
 .debug_ranges  0x0000000000000000       0x98 ./Simple ASW/syscalls.o
 .debug_macro   0x0000000000000000      0x24c ./Simple ASW/syscalls.o
 .debug_macro   0x0000000000000000      0xa84 ./Simple ASW/syscalls.o
 .debug_macro   0x0000000000000000       0x22 ./Simple ASW/syscalls.o
 .debug_macro   0x0000000000000000       0x4c ./Simple ASW/syscalls.o
 .debug_macro   0x0000000000000000       0x1e ./Simple ASW/syscalls.o
 .debug_macro   0x0000000000000000       0x94 ./Simple ASW/syscalls.o
 .debug_macro   0x0000000000000000       0x3c ./Simple ASW/syscalls.o
 .debug_macro   0x0000000000000000       0x34 ./Simple ASW/syscalls.o
 .debug_macro   0x0000000000000000       0x57 ./Simple ASW/syscalls.o
 .debug_macro   0x0000000000000000      0x174 ./Simple ASW/syscalls.o
 .debug_macro   0x0000000000000000      0x341 ./Simple ASW/syscalls.o
 .debug_macro   0x0000000000000000       0x16 ./Simple ASW/syscalls.o
 .debug_macro   0x0000000000000000       0x43 ./Simple ASW/syscalls.o
 .debug_macro   0x0000000000000000       0x34 ./Simple ASW/syscalls.o
 .debug_macro   0x0000000000000000       0x10 ./Simple ASW/syscalls.o
 .debug_macro   0x0000000000000000       0x58 ./Simple ASW/syscalls.o
 .debug_macro   0x0000000000000000       0x71 ./Simple ASW/syscalls.o
 .debug_macro   0x0000000000000000       0x1c ./Simple ASW/syscalls.o
 .debug_macro   0x0000000000000000      0x12a ./Simple ASW/syscalls.o
 .debug_macro   0x0000000000000000       0x10 ./Simple ASW/syscalls.o
 .debug_macro   0x0000000000000000       0x35 ./Simple ASW/syscalls.o
 .debug_macro   0x0000000000000000       0x10 ./Simple ASW/syscalls.o
 .debug_macro   0x0000000000000000       0x10 ./Simple ASW/syscalls.o
 .debug_macro   0x0000000000000000       0x10 ./Simple ASW/syscalls.o
 .debug_macro   0x0000000000000000       0x6a ./Simple ASW/syscalls.o
 .debug_macro   0x0000000000000000       0x1c ./Simple ASW/syscalls.o
 .debug_macro   0x0000000000000000       0x52 ./Simple ASW/syscalls.o
 .debug_macro   0x0000000000000000       0x22 ./Simple ASW/syscalls.o
 .debug_macro   0x0000000000000000       0x10 ./Simple ASW/syscalls.o
 .debug_macro   0x0000000000000000       0x52 ./Simple ASW/syscalls.o
 .debug_macro   0x0000000000000000       0xd5 ./Simple ASW/syscalls.o
 .debug_macro   0x0000000000000000       0x1c ./Simple ASW/syscalls.o
 .debug_macro   0x0000000000000000       0x3d ./Simple ASW/syscalls.o
 .debug_macro   0x0000000000000000       0x35 ./Simple ASW/syscalls.o
 .debug_macro   0x0000000000000000      0x12c ./Simple ASW/syscalls.o
 .debug_macro   0x0000000000000000       0x16 ./Simple ASW/syscalls.o
 .debug_macro   0x0000000000000000       0x16 ./Simple ASW/syscalls.o
 .debug_macro   0x0000000000000000       0x29 ./Simple ASW/syscalls.o
 .debug_macro   0x0000000000000000       0x10 ./Simple ASW/syscalls.o
 .debug_macro   0x0000000000000000      0x241 ./Simple ASW/syscalls.o
 .debug_macro   0x0000000000000000       0x1c ./Simple ASW/syscalls.o
 .debug_macro   0x0000000000000000       0x10 ./Simple ASW/syscalls.o
 .debug_macro   0x0000000000000000       0x10 ./Simple ASW/syscalls.o
 .debug_macro   0x0000000000000000       0x16 ./Simple ASW/syscalls.o
 .debug_macro   0x0000000000000000      0x145 ./Simple ASW/syscalls.o
 .debug_macro   0x0000000000000000      0x189 ./Simple ASW/syscalls.o
 .debug_macro   0x0000000000000000       0x16 ./Simple ASW/syscalls.o
 .debug_macro   0x0000000000000000       0xce ./Simple ASW/syscalls.o
 .debug_line    0x0000000000000000      0x7f1 ./Simple ASW/syscalls.o
 .debug_str     0x0000000000000000     0x8a8e ./Simple ASW/syscalls.o
 .comment       0x0000000000000000       0x51 ./Simple ASW/syscalls.o
 .debug_frame   0x0000000000000000      0x2ac ./Simple ASW/syscalls.o
 .ARM.attributes
                0x0000000000000000       0x34 ./Simple ASW/syscalls.o
 .group         0x0000000000000000        0xc ./Simple ASW/sysmem.o
 .group         0x0000000000000000        0xc ./Simple ASW/sysmem.o
 .group         0x0000000000000000        0xc ./Simple ASW/sysmem.o
 .group         0x0000000000000000        0xc ./Simple ASW/sysmem.o
 .group         0x0000000000000000        0xc ./Simple ASW/sysmem.o
 .group         0x0000000000000000        0xc ./Simple ASW/sysmem.o
 .group         0x0000000000000000        0xc ./Simple ASW/sysmem.o
 .group         0x0000000000000000        0xc ./Simple ASW/sysmem.o
 .group         0x0000000000000000        0xc ./Simple ASW/sysmem.o
 .group         0x0000000000000000        0xc ./Simple ASW/sysmem.o
 .group         0x0000000000000000        0xc ./Simple ASW/sysmem.o
 .group         0x0000000000000000        0xc ./Simple ASW/sysmem.o
 .group         0x0000000000000000        0xc ./Simple ASW/sysmem.o
 .group         0x0000000000000000        0xc ./Simple ASW/sysmem.o
 .group         0x0000000000000000        0xc ./Simple ASW/sysmem.o
 .group         0x0000000000000000        0xc ./Simple ASW/sysmem.o
 .group         0x0000000000000000        0xc ./Simple ASW/sysmem.o
 .group         0x0000000000000000        0xc ./Simple ASW/sysmem.o
 .group         0x0000000000000000        0xc ./Simple ASW/sysmem.o
 .group         0x0000000000000000        0xc ./Simple ASW/sysmem.o
 .group         0x0000000000000000        0xc ./Simple ASW/sysmem.o
 .group         0x0000000000000000        0xc ./Simple ASW/sysmem.o
 .text          0x0000000000000000        0x0 ./Simple ASW/sysmem.o
 .data          0x0000000000000000        0x0 ./Simple ASW/sysmem.o
 .bss           0x0000000000000000        0x0 ./Simple ASW/sysmem.o
 .bss.__sbrk_heap_end
                0x0000000000000000        0x4 ./Simple ASW/sysmem.o
 .text._sbrk    0x0000000000000000       0x6c ./Simple ASW/sysmem.o
 .debug_info    0x0000000000000000      0x171 ./Simple ASW/sysmem.o
 .debug_abbrev  0x0000000000000000       0xbb ./Simple ASW/sysmem.o
 .debug_aranges
                0x0000000000000000       0x20 ./Simple ASW/sysmem.o
 .debug_ranges  0x0000000000000000       0x10 ./Simple ASW/sysmem.o
 .debug_macro   0x0000000000000000       0xff ./Simple ASW/sysmem.o
 .debug_macro   0x0000000000000000      0xa84 ./Simple ASW/sysmem.o
 .debug_macro   0x0000000000000000       0x10 ./Simple ASW/sysmem.o
 .debug_macro   0x0000000000000000       0x22 ./Simple ASW/sysmem.o
 .debug_macro   0x0000000000000000       0x4c ./Simple ASW/sysmem.o
 .debug_macro   0x0000000000000000       0x1e ./Simple ASW/sysmem.o
 .debug_macro   0x0000000000000000       0x94 ./Simple ASW/sysmem.o
 .debug_macro   0x0000000000000000       0x3c ./Simple ASW/sysmem.o
 .debug_macro   0x0000000000000000       0x34 ./Simple ASW/sysmem.o
 .debug_macro   0x0000000000000000      0x174 ./Simple ASW/sysmem.o
 .debug_macro   0x0000000000000000       0x16 ./Simple ASW/sysmem.o
 .debug_macro   0x0000000000000000       0x43 ./Simple ASW/sysmem.o
 .debug_macro   0x0000000000000000       0x57 ./Simple ASW/sysmem.o
 .debug_macro   0x0000000000000000       0x34 ./Simple ASW/sysmem.o
 .debug_macro   0x0000000000000000       0x10 ./Simple ASW/sysmem.o
 .debug_macro   0x0000000000000000       0x58 ./Simple ASW/sysmem.o
 .debug_macro   0x0000000000000000       0x71 ./Simple ASW/sysmem.o
 .debug_macro   0x0000000000000000       0x1c ./Simple ASW/sysmem.o
 .debug_macro   0x0000000000000000      0x12a ./Simple ASW/sysmem.o
 .debug_macro   0x0000000000000000      0x23b ./Simple ASW/sysmem.o
 .debug_macro   0x0000000000000000      0x103 ./Simple ASW/sysmem.o
 .debug_macro   0x0000000000000000       0x6a ./Simple ASW/sysmem.o
 .debug_macro   0x0000000000000000      0x1df ./Simple ASW/sysmem.o
 .debug_line    0x0000000000000000      0x4e7 ./Simple ASW/sysmem.o
 .debug_str     0x0000000000000000     0x5dca ./Simple ASW/sysmem.o
 .comment       0x0000000000000000       0x51 ./Simple ASW/sysmem.o
 .debug_frame   0x0000000000000000       0x34 ./Simple ASW/sysmem.o
 .ARM.attributes
                0x0000000000000000       0x34 ./Simple ASW/sysmem.o
 .text          0x0000000000000000       0x14 ./Startup/startup_stm32f411vetx.o
 .data          0x0000000000000000        0x0 ./Startup/startup_stm32f411vetx.o
 .bss           0x0000000000000000        0x0 ./Startup/startup_stm32f411vetx.o
 .text          0x0000000000000000        0x0 c:/st/stm32cubeide_1.9.0/stm32cubeide/plugins/com.st.stm32cube.ide.mcu.externaltools.gnu-tools-for-stm32.10.3-2021.10.win32_1.0.0.202111181127/tools/bin/../lib/gcc/arm-none-eabi/10.3.1/../../../../arm-none-eabi/lib/thumb/v7e-m+fp/hard\libc_nano.a(lib_a-errno.o)
 .data          0x0000000000000000        0x0 c:/st/stm32cubeide_1.9.0/stm32cubeide/plugins/com.st.stm32cube.ide.mcu.externaltools.gnu-tools-for-stm32.10.3-2021.10.win32_1.0.0.202111181127/tools/bin/../lib/gcc/arm-none-eabi/10.3.1/../../../../arm-none-eabi/lib/thumb/v7e-m+fp/hard\libc_nano.a(lib_a-errno.o)
 .bss           0x0000000000000000        0x0 c:/st/stm32cubeide_1.9.0/stm32cubeide/plugins/com.st.stm32cube.ide.mcu.externaltools.gnu-tools-for-stm32.10.3-2021.10.win32_1.0.0.202111181127/tools/bin/../lib/gcc/arm-none-eabi/10.3.1/../../../../arm-none-eabi/lib/thumb/v7e-m+fp/hard\libc_nano.a(lib_a-errno.o)
 .text.__errno  0x0000000000000000        0xc c:/st/stm32cubeide_1.9.0/stm32cubeide/plugins/com.st.stm32cube.ide.mcu.externaltools.gnu-tools-for-stm32.10.3-2021.10.win32_1.0.0.202111181127/tools/bin/../lib/gcc/arm-none-eabi/10.3.1/../../../../arm-none-eabi/lib/thumb/v7e-m+fp/hard\libc_nano.a(lib_a-errno.o)
 .debug_frame   0x0000000000000000       0x20 c:/st/stm32cubeide_1.9.0/stm32cubeide/plugins/com.st.stm32cube.ide.mcu.externaltools.gnu-tools-for-stm32.10.3-2021.10.win32_1.0.0.202111181127/tools/bin/../lib/gcc/arm-none-eabi/10.3.1/../../../../arm-none-eabi/lib/thumb/v7e-m+fp/hard\libc_nano.a(lib_a-errno.o)
 .ARM.attributes
                0x0000000000000000       0x34 c:/st/stm32cubeide_1.9.0/stm32cubeide/plugins/com.st.stm32cube.ide.mcu.externaltools.gnu-tools-for-stm32.10.3-2021.10.win32_1.0.0.202111181127/tools/bin/../lib/gcc/arm-none-eabi/10.3.1/../../../../arm-none-eabi/lib/thumb/v7e-m+fp/hard\libc_nano.a(lib_a-errno.o)
 .text          0x0000000000000000        0x0 c:/st/stm32cubeide_1.9.0/stm32cubeide/plugins/com.st.stm32cube.ide.mcu.externaltools.gnu-tools-for-stm32.10.3-2021.10.win32_1.0.0.202111181127/tools/bin/../lib/gcc/arm-none-eabi/10.3.1/../../../../arm-none-eabi/lib/thumb/v7e-m+fp/hard\libc_nano.a(lib_a-exit.o)
 .data          0x0000000000000000        0x0 c:/st/stm32cubeide_1.9.0/stm32cubeide/plugins/com.st.stm32cube.ide.mcu.externaltools.gnu-tools-for-stm32.10.3-2021.10.win32_1.0.0.202111181127/tools/bin/../lib/gcc/arm-none-eabi/10.3.1/../../../../arm-none-eabi/lib/thumb/v7e-m+fp/hard\libc_nano.a(lib_a-exit.o)
 .bss           0x0000000000000000        0x0 c:/st/stm32cubeide_1.9.0/stm32cubeide/plugins/com.st.stm32cube.ide.mcu.externaltools.gnu-tools-for-stm32.10.3-2021.10.win32_1.0.0.202111181127/tools/bin/../lib/gcc/arm-none-eabi/10.3.1/../../../../arm-none-eabi/lib/thumb/v7e-m+fp/hard\libc_nano.a(lib_a-exit.o)
 .text.exit     0x0000000000000000       0x28 c:/st/stm32cubeide_1.9.0/stm32cubeide/plugins/com.st.stm32cube.ide.mcu.externaltools.gnu-tools-for-stm32.10.3-2021.10.win32_1.0.0.202111181127/tools/bin/../lib/gcc/arm-none-eabi/10.3.1/../../../../arm-none-eabi/lib/thumb/v7e-m+fp/hard\libc_nano.a(lib_a-exit.o)
 .debug_frame   0x0000000000000000       0x28 c:/st/stm32cubeide_1.9.0/stm32cubeide/plugins/com.st.stm32cube.ide.mcu.externaltools.gnu-tools-for-stm32.10.3-2021.10.win32_1.0.0.202111181127/tools/bin/../lib/gcc/arm-none-eabi/10.3.1/../../../../arm-none-eabi/lib/thumb/v7e-m+fp/hard\libc_nano.a(lib_a-exit.o)
 .ARM.attributes
                0x0000000000000000       0x34 c:/st/stm32cubeide_1.9.0/stm32cubeide/plugins/com.st.stm32cube.ide.mcu.externaltools.gnu-tools-for-stm32.10.3-2021.10.win32_1.0.0.202111181127/tools/bin/../lib/gcc/arm-none-eabi/10.3.1/../../../../arm-none-eabi/lib/thumb/v7e-m+fp/hard\libc_nano.a(lib_a-exit.o)
 .text          0x0000000000000000        0x0 c:/st/stm32cubeide_1.9.0/stm32cubeide/plugins/com.st.stm32cube.ide.mcu.externaltools.gnu-tools-for-stm32.10.3-2021.10.win32_1.0.0.202111181127/tools/bin/../lib/gcc/arm-none-eabi/10.3.1/../../../../arm-none-eabi/lib/thumb/v7e-m+fp/hard\libc_nano.a(lib_a-impure.o)
 .data          0x0000000000000000        0x0 c:/st/stm32cubeide_1.9.0/stm32cubeide/plugins/com.st.stm32cube.ide.mcu.externaltools.gnu-tools-for-stm32.10.3-2021.10.win32_1.0.0.202111181127/tools/bin/../lib/gcc/arm-none-eabi/10.3.1/../../../../arm-none-eabi/lib/thumb/v7e-m+fp/hard\libc_nano.a(lib_a-impure.o)
 .bss           0x0000000000000000        0x0 c:/st/stm32cubeide_1.9.0/stm32cubeide/plugins/com.st.stm32cube.ide.mcu.externaltools.gnu-tools-for-stm32.10.3-2021.10.win32_1.0.0.202111181127/tools/bin/../lib/gcc/arm-none-eabi/10.3.1/../../../../arm-none-eabi/lib/thumb/v7e-m+fp/hard\libc_nano.a(lib_a-impure.o)
 .data._impure_ptr
                0x0000000000000000        0x4 c:/st/stm32cubeide_1.9.0/stm32cubeide/plugins/com.st.stm32cube.ide.mcu.externaltools.gnu-tools-for-stm32.10.3-2021.10.win32_1.0.0.202111181127/tools/bin/../lib/gcc/arm-none-eabi/10.3.1/../../../../arm-none-eabi/lib/thumb/v7e-m+fp/hard\libc_nano.a(lib_a-impure.o)
 .data.impure_data
                0x0000000000000000       0x60 c:/st/stm32cubeide_1.9.0/stm32cubeide/plugins/com.st.stm32cube.ide.mcu.externaltools.gnu-tools-for-stm32.10.3-2021.10.win32_1.0.0.202111181127/tools/bin/../lib/gcc/arm-none-eabi/10.3.1/../../../../arm-none-eabi/lib/thumb/v7e-m+fp/hard\libc_nano.a(lib_a-impure.o)
 .rodata._global_impure_ptr
                0x0000000000000000        0x4 c:/st/stm32cubeide_1.9.0/stm32cubeide/plugins/com.st.stm32cube.ide.mcu.externaltools.gnu-tools-for-stm32.10.3-2021.10.win32_1.0.0.202111181127/tools/bin/../lib/gcc/arm-none-eabi/10.3.1/../../../../arm-none-eabi/lib/thumb/v7e-m+fp/hard\libc_nano.a(lib_a-impure.o)
 .ARM.attributes
                0x0000000000000000       0x34 c:/st/stm32cubeide_1.9.0/stm32cubeide/plugins/com.st.stm32cube.ide.mcu.externaltools.gnu-tools-for-stm32.10.3-2021.10.win32_1.0.0.202111181127/tools/bin/../lib/gcc/arm-none-eabi/10.3.1/../../../../arm-none-eabi/lib/thumb/v7e-m+fp/hard\libc_nano.a(lib_a-impure.o)
 .text          0x0000000000000000        0x0 c:/st/stm32cubeide_1.9.0/stm32cubeide/plugins/com.st.stm32cube.ide.mcu.externaltools.gnu-tools-for-stm32.10.3-2021.10.win32_1.0.0.202111181127/tools/bin/../lib/gcc/arm-none-eabi/10.3.1/../../../../arm-none-eabi/lib/thumb/v7e-m+fp/hard\libc_nano.a(lib_a-init.o)
 .data          0x0000000000000000        0x0 c:/st/stm32cubeide_1.9.0/stm32cubeide/plugins/com.st.stm32cube.ide.mcu.externaltools.gnu-tools-for-stm32.10.3-2021.10.win32_1.0.0.202111181127/tools/bin/../lib/gcc/arm-none-eabi/10.3.1/../../../../arm-none-eabi/lib/thumb/v7e-m+fp/hard\libc_nano.a(lib_a-init.o)
 .bss           0x0000000000000000        0x0 c:/st/stm32cubeide_1.9.0/stm32cubeide/plugins/com.st.stm32cube.ide.mcu.externaltools.gnu-tools-for-stm32.10.3-2021.10.win32_1.0.0.202111181127/tools/bin/../lib/gcc/arm-none-eabi/10.3.1/../../../../arm-none-eabi/lib/thumb/v7e-m+fp/hard\libc_nano.a(lib_a-init.o)
 .text          0x0000000000000000        0x0 c:/st/stm32cubeide_1.9.0/stm32cubeide/plugins/com.st.stm32cube.ide.mcu.externaltools.gnu-tools-for-stm32.10.3-2021.10.win32_1.0.0.202111181127/tools/bin/../lib/gcc/arm-none-eabi/10.3.1/../../../../arm-none-eabi/lib/thumb/v7e-m+fp/hard\libc_nano.a(lib_a-memset.o)
 .data          0x0000000000000000        0x0 c:/st/stm32cubeide_1.9.0/stm32cubeide/plugins/com.st.stm32cube.ide.mcu.externaltools.gnu-tools-for-stm32.10.3-2021.10.win32_1.0.0.202111181127/tools/bin/../lib/gcc/arm-none-eabi/10.3.1/../../../../arm-none-eabi/lib/thumb/v7e-m+fp/hard\libc_nano.a(lib_a-memset.o)
 .bss           0x0000000000000000        0x0 c:/st/stm32cubeide_1.9.0/stm32cubeide/plugins/com.st.stm32cube.ide.mcu.externaltools.gnu-tools-for-stm32.10.3-2021.10.win32_1.0.0.202111181127/tools/bin/../lib/gcc/arm-none-eabi/10.3.1/../../../../arm-none-eabi/lib/thumb/v7e-m+fp/hard\libc_nano.a(lib_a-memset.o)
 .text.memset   0x0000000000000000       0x10 c:/st/stm32cubeide_1.9.0/stm32cubeide/plugins/com.st.stm32cube.ide.mcu.externaltools.gnu-tools-for-stm32.10.3-2021.10.win32_1.0.0.202111181127/tools/bin/../lib/gcc/arm-none-eabi/10.3.1/../../../../arm-none-eabi/lib/thumb/v7e-m+fp/hard\libc_nano.a(lib_a-memset.o)
 .debug_frame   0x0000000000000000       0x20 c:/st/stm32cubeide_1.9.0/stm32cubeide/plugins/com.st.stm32cube.ide.mcu.externaltools.gnu-tools-for-stm32.10.3-2021.10.win32_1.0.0.202111181127/tools/bin/../lib/gcc/arm-none-eabi/10.3.1/../../../../arm-none-eabi/lib/thumb/v7e-m+fp/hard\libc_nano.a(lib_a-memset.o)
 .ARM.attributes
                0x0000000000000000       0x34 c:/st/stm32cubeide_1.9.0/stm32cubeide/plugins/com.st.stm32cube.ide.mcu.externaltools.gnu-tools-for-stm32.10.3-2021.10.win32_1.0.0.202111181127/tools/bin/../lib/gcc/arm-none-eabi/10.3.1/../../../../arm-none-eabi/lib/thumb/v7e-m+fp/hard\libc_nano.a(lib_a-memset.o)
 .text          0x0000000000000000        0x0 c:/st/stm32cubeide_1.9.0/stm32cubeide/plugins/com.st.stm32cube.ide.mcu.externaltools.gnu-tools-for-stm32.10.3-2021.10.win32_1.0.0.202111181127/tools/bin/../lib/gcc/arm-none-eabi/10.3.1/thumb/v7e-m+fp/hard/crtend.o
 .data          0x0000000000000000        0x0 c:/st/stm32cubeide_1.9.0/stm32cubeide/plugins/com.st.stm32cube.ide.mcu.externaltools.gnu-tools-for-stm32.10.3-2021.10.win32_1.0.0.202111181127/tools/bin/../lib/gcc/arm-none-eabi/10.3.1/thumb/v7e-m+fp/hard/crtend.o
 .bss           0x0000000000000000        0x0 c:/st/stm32cubeide_1.9.0/stm32cubeide/plugins/com.st.stm32cube.ide.mcu.externaltools.gnu-tools-for-stm32.10.3-2021.10.win32_1.0.0.202111181127/tools/bin/../lib/gcc/arm-none-eabi/10.3.1/thumb/v7e-m+fp/hard/crtend.o
 .rodata        0x0000000000000000       0x24 c:/st/stm32cubeide_1.9.0/stm32cubeide/plugins/com.st.stm32cube.ide.mcu.externaltools.gnu-tools-for-stm32.10.3-2021.10.win32_1.0.0.202111181127/tools/bin/../lib/gcc/arm-none-eabi/10.3.1/thumb/v7e-m+fp/hard/crtend.o
 .eh_frame      0x0000000000000000        0x4 c:/st/stm32cubeide_1.9.0/stm32cubeide/plugins/com.st.stm32cube.ide.mcu.externaltools.gnu-tools-for-stm32.10.3-2021.10.win32_1.0.0.202111181127/tools/bin/../lib/gcc/arm-none-eabi/10.3.1/thumb/v7e-m+fp/hard/crtend.o
 .ARM.attributes
                0x0000000000000000       0x34 c:/st/stm32cubeide_1.9.0/stm32cubeide/plugins/com.st.stm32cube.ide.mcu.externaltools.gnu-tools-for-stm32.10.3-2021.10.win32_1.0.0.202111181127/tools/bin/../lib/gcc/arm-none-eabi/10.3.1/thumb/v7e-m+fp/hard/crtend.o
 .text          0x0000000000000000        0x0 c:/st/stm32cubeide_1.9.0/stm32cubeide/plugins/com.st.stm32cube.ide.mcu.externaltools.gnu-tools-for-stm32.10.3-2021.10.win32_1.0.0.202111181127/tools/bin/../lib/gcc/arm-none-eabi/10.3.1/thumb/v7e-m+fp/hard/crtn.o
 .data          0x0000000000000000        0x0 c:/st/stm32cubeide_1.9.0/stm32cubeide/plugins/com.st.stm32cube.ide.mcu.externaltools.gnu-tools-for-stm32.10.3-2021.10.win32_1.0.0.202111181127/tools/bin/../lib/gcc/arm-none-eabi/10.3.1/thumb/v7e-m+fp/hard/crtn.o
 .bss           0x0000000000000000        0x0 c:/st/stm32cubeide_1.9.0/stm32cubeide/plugins/com.st.stm32cube.ide.mcu.externaltools.gnu-tools-for-stm32.10.3-2021.10.win32_1.0.0.202111181127/tools/bin/../lib/gcc/arm-none-eabi/10.3.1/thumb/v7e-m+fp/hard/crtn.o

Memory Configuration

Name             Origin             Length             Attributes
RAM              0x0000000020000000 0x0000000000020000 xrw
FLASH            0x0000000008000000 0x0000000000080000 xr
*default*        0x0000000000000000 0xffffffffffffffff

Linker script and memory map

LOAD c:/st/stm32cubeide_1.9.0/stm32cubeide/plugins/com.st.stm32cube.ide.mcu.externaltools.gnu-tools-for-stm32.10.3-2021.10.win32_1.0.0.202111181127/tools/bin/../lib/gcc/arm-none-eabi/10.3.1/thumb/v7e-m+fp/hard/crti.o
LOAD c:/st/stm32cubeide_1.9.0/stm32cubeide/plugins/com.st.stm32cube.ide.mcu.externaltools.gnu-tools-for-stm32.10.3-2021.10.win32_1.0.0.202111181127/tools/bin/../lib/gcc/arm-none-eabi/10.3.1/thumb/v7e-m+fp/hard/crtbegin.o
LOAD c:/st/stm32cubeide_1.9.0/stm32cubeide/plugins/com.st.stm32cube.ide.mcu.externaltools.gnu-tools-for-stm32.10.3-2021.10.win32_1.0.0.202111181127/tools/bin/../lib/gcc/arm-none-eabi/10.3.1/../../../../arm-none-eabi/lib/thumb/v7e-m+fp/hard/crt0.o
LOAD ./Driver/Src/driver_gpio.o
LOAD ./Driver/Src/driver_i2c.o
LOAD ./Driver/Src/driver_rcc.o
LOAD ./Driver/Src/driver_spi.o
LOAD ./Driver/Src/driver_uart.o
LOAD ./Simple ASW/gpio_main.o
LOAD ./Simple ASW/syscalls.o
LOAD ./Simple ASW/sysmem.o
LOAD ./Startup/startup_stm32f411vetx.o
START GROUP
LOAD c:/st/stm32cubeide_1.9.0/stm32cubeide/plugins/com.st.stm32cube.ide.mcu.externaltools.gnu-tools-for-stm32.10.3-2021.10.win32_1.0.0.202111181127/tools/bin/../lib/gcc/arm-none-eabi/10.3.1/../../../../arm-none-eabi/lib/thumb/v7e-m+fp/hard\libc_nano.a
LOAD c:/st/stm32cubeide_1.9.0/stm32cubeide/plugins/com.st.stm32cube.ide.mcu.externaltools.gnu-tools-for-stm32.10.3-2021.10.win32_1.0.0.202111181127/tools/bin/../lib/gcc/arm-none-eabi/10.3.1/../../../../arm-none-eabi/lib/thumb/v7e-m+fp/hard\libm.a
END GROUP
START GROUP
LOAD c:/st/stm32cubeide_1.9.0/stm32cubeide/plugins/com.st.stm32cube.ide.mcu.externaltools.gnu-tools-for-stm32.10.3-2021.10.win32_1.0.0.202111181127/tools/bin/../lib/gcc/arm-none-eabi/10.3.1/thumb/v7e-m+fp/hard\libgcc.a
LOAD c:/st/stm32cubeide_1.9.0/stm32cubeide/plugins/com.st.stm32cube.ide.mcu.externaltools.gnu-tools-for-stm32.10.3-2021.10.win32_1.0.0.202111181127/tools/bin/../lib/gcc/arm-none-eabi/10.3.1/../../../../arm-none-eabi/lib/thumb/v7e-m+fp/hard\libc_nano.a
END GROUP
START GROUP
LOAD c:/st/stm32cubeide_1.9.0/stm32cubeide/plugins/com.st.stm32cube.ide.mcu.externaltools.gnu-tools-for-stm32.10.3-2021.10.win32_1.0.0.202111181127/tools/bin/../lib/gcc/arm-none-eabi/10.3.1/thumb/v7e-m+fp/hard\libgcc.a
LOAD c:/st/stm32cubeide_1.9.0/stm32cubeide/plugins/com.st.stm32cube.ide.mcu.externaltools.gnu-tools-for-stm32.10.3-2021.10.win32_1.0.0.202111181127/tools/bin/../lib/gcc/arm-none-eabi/10.3.1/../../../../arm-none-eabi/lib/thumb/v7e-m+fp/hard\libc_nano.a
LOAD c:/st/stm32cubeide_1.9.0/stm32cubeide/plugins/com.st.stm32cube.ide.mcu.externaltools.gnu-tools-for-stm32.10.3-2021.10.win32_1.0.0.202111181127/tools/bin/../lib/gcc/arm-none-eabi/10.3.1/../../../../arm-none-eabi/lib/thumb/v7e-m+fp/hard\libnosys.a
END GROUP
START GROUP
LOAD c:/st/stm32cubeide_1.9.0/stm32cubeide/plugins/com.st.stm32cube.ide.mcu.externaltools.gnu-tools-for-stm32.10.3-2021.10.win32_1.0.0.202111181127/tools/bin/../lib/gcc/arm-none-eabi/10.3.1/thumb/v7e-m+fp/hard\libgcc.a
LOAD c:/st/stm32cubeide_1.9.0/stm32cubeide/plugins/com.st.stm32cube.ide.mcu.externaltools.gnu-tools-for-stm32.10.3-2021.10.win32_1.0.0.202111181127/tools/bin/../lib/gcc/arm-none-eabi/10.3.1/../../../../arm-none-eabi/lib/thumb/v7e-m+fp/hard\libc_nano.a
LOAD c:/st/stm32cubeide_1.9.0/stm32cubeide/plugins/com.st.stm32cube.ide.mcu.externaltools.gnu-tools-for-stm32.10.3-2021.10.win32_1.0.0.202111181127/tools/bin/../lib/gcc/arm-none-eabi/10.3.1/../../../../arm-none-eabi/lib/thumb/v7e-m+fp/hard\libnosys.a
END GROUP
LOAD c:/st/stm32cubeide_1.9.0/stm32cubeide/plugins/com.st.stm32cube.ide.mcu.externaltools.gnu-tools-for-stm32.10.3-2021.10.win32_1.0.0.202111181127/tools/bin/../lib/gcc/arm-none-eabi/10.3.1/thumb/v7e-m+fp/hard/crtend.o
LOAD c:/st/stm32cubeide_1.9.0/stm32cubeide/plugins/com.st.stm32cube.ide.mcu.externaltools.gnu-tools-for-stm32.10.3-2021.10.win32_1.0.0.202111181127/tools/bin/../lib/gcc/arm-none-eabi/10.3.1/thumb/v7e-m+fp/hard/crtn.o
                0x0000000020020000                _estack = (ORIGIN (RAM) + LENGTH (RAM))
                0x0000000000000200                _Min_Heap_Size = 0x200
                0x0000000000000400                _Min_Stack_Size = 0x400

.isr_vector     0x0000000008000000      0x198
                0x0000000008000000                . = ALIGN (0x4)
 *(.isr_vector)
 .isr_vector    0x0000000008000000      0x198 ./Startup/startup_stm32f411vetx.o
                0x0000000008000000                g_pfnVectors
                0x0000000008000198                . = ALIGN (0x4)

.text           0x0000000008000198      0x5a4
                0x0000000008000198                . = ALIGN (0x4)
 *(.text)
 .text          0x0000000008000198       0x40 c:/st/stm32cubeide_1.9.0/stm32cubeide/plugins/com.st.stm32cube.ide.mcu.externaltools.gnu-tools-for-stm32.10.3-2021.10.win32_1.0.0.202111181127/tools/bin/../lib/gcc/arm-none-eabi/10.3.1/thumb/v7e-m+fp/hard/crtbegin.o
 *(.text*)
 .text.GPIO_PeriClockControl
                0x00000000080001d8       0xbc ./Driver/Src/driver_gpio.o
                0x00000000080001d8                GPIO_PeriClockControl
 .text.GPIO_Init
                0x0000000008000294      0x308 ./Driver/Src/driver_gpio.o
                0x0000000008000294                GPIO_Init
 .text.GPIO_ReadFromInputPin
                0x000000000800059c       0x2c ./Driver/Src/driver_gpio.o
                0x000000000800059c                GPIO_ReadFromInputPin
 .text.GPIO_ToggleOutputPin
                0x00000000080005c8       0x2a ./Driver/Src/driver_gpio.o
                0x00000000080005c8                GPIO_ToggleOutputPin
 *fill*         0x00000000080005f2        0x2 
 .text.delay    0x00000000080005f4       0x2c ./Simple ASW/gpio_main.o
                0x00000000080005f4                delay
 .text.main     0x0000000008000620       0x68 ./Simple ASW/gpio_main.o
                0x0000000008000620                main
 .text.Reset_Handler
                0x0000000008000688       0x50 ./Startup/startup_stm32f411vetx.o
                0x0000000008000688                Reset_Handler
 .text.Default_Handler
                0x00000000080006d8        0x2 ./Startup/startup_stm32f411vetx.o
                0x00000000080006d8                RTC_Alarm_IRQHandler
                0x00000000080006d8                EXTI2_IRQHandler
                0x00000000080006d8                DebugMon_Handler
                0x00000000080006d8                SPI4_IRQHandler
                0x00000000080006d8                TIM1_CC_IRQHandler
                0x00000000080006d8                DMA2_Stream5_IRQHandler
                0x00000000080006d8                HardFault_Handler
                0x00000000080006d8                DMA1_Stream5_IRQHandler
                0x00000000080006d8                SysTick_Handler
                0x00000000080006d8                PVD_IRQHandler
                0x00000000080006d8                SDIO_IRQHandler
                0x00000000080006d8                TAMP_STAMP_IRQHandler
                0x00000000080006d8                PendSV_Handler
                0x00000000080006d8                NMI_Handler
                0x00000000080006d8                EXTI3_IRQHandler
                0x00000000080006d8                TIM1_UP_TIM10_IRQHandler
                0x00000000080006d8                I2C3_ER_IRQHandler
                0x00000000080006d8                EXTI0_IRQHandler
                0x00000000080006d8                I2C2_EV_IRQHandler
                0x00000000080006d8                DMA1_Stream2_IRQHandler
                0x00000000080006d8                FPU_IRQHandler
                0x00000000080006d8                UsageFault_Handler
                0x00000000080006d8                DMA2_Stream2_IRQHandler
                0x00000000080006d8                SPI1_IRQHandler
                0x00000000080006d8                TIM1_BRK_TIM9_IRQHandler
                0x00000000080006d8                DMA2_Stream3_IRQHandler
                0x00000000080006d8                USART6_IRQHandler
                0x00000000080006d8                DMA2_Stream0_IRQHandler
                0x00000000080006d8                TIM4_IRQHandler
                0x00000000080006d8                I2C1_EV_IRQHandler
                0x00000000080006d8                DMA1_Stream6_IRQHandler
                0x00000000080006d8                DMA1_Stream1_IRQHandler
                0x00000000080006d8                TIM3_IRQHandler
                0x00000000080006d8                RCC_IRQHandler
                0x00000000080006d8                Default_Handler
                0x00000000080006d8                EXTI15_10_IRQHandler
                0x00000000080006d8                ADC_IRQHandler
                0x00000000080006d8                DMA1_Stream7_IRQHandler
                0x00000000080006d8                SPI5_IRQHandler
                0x00000000080006d8                TIM5_IRQHandler
                0x00000000080006d8                DMA2_Stream7_IRQHandler
                0x00000000080006d8                I2C3_EV_IRQHandler
                0x00000000080006d8                EXTI9_5_IRQHandler
                0x00000000080006d8                RTC_WKUP_IRQHandler
                0x00000000080006d8                SPI2_IRQHandler
                0x00000000080006d8                MemManage_Handler
                0x00000000080006d8                DMA1_Stream0_IRQHandler
                0x00000000080006d8                SVC_Handler
                0x00000000080006d8                EXTI4_IRQHandler
                0x00000000080006d8                WWDG_IRQHandler
                0x00000000080006d8                TIM2_IRQHandler
                0x00000000080006d8                OTG_FS_WKUP_IRQHandler
                0x00000000080006d8                TIM1_TRG_COM_TIM11_IRQHandler
                0x00000000080006d8                EXTI1_IRQHandler
                0x00000000080006d8                USART2_IRQHandler
                0x00000000080006d8                I2C2_ER_IRQHandler
                0x00000000080006d8                DMA2_Stream1_IRQHandler
                0x00000000080006d8                FLASH_IRQHandler
                0x00000000080006d8                DMA2_Stream4_IRQHandler
                0x00000000080006d8                BusFault_Handler
                0x00000000080006d8                USART1_IRQHandler
                0x00000000080006d8                OTG_FS_IRQHandler
                0x00000000080006d8                SPI3_IRQHandler
                0x00000000080006d8                DMA1_Stream4_IRQHandler
                0x00000000080006d8                I2C1_ER_IRQHandler
                0x00000000080006d8                DMA2_Stream6_IRQHandler
                0x00000000080006d8                DMA1_Stream3_IRQHandler
 *fill*         0x00000000080006da        0x2 
 .text.__libc_init_array
                0x00000000080006dc       0x48 c:/st/stm32cubeide_1.9.0/stm32cubeide/plugins/com.st.stm32cube.ide.mcu.externaltools.gnu-tools-for-stm32.10.3-2021.10.win32_1.0.0.202111181127/tools/bin/../lib/gcc/arm-none-eabi/10.3.1/../../../../arm-none-eabi/lib/thumb/v7e-m+fp/hard\libc_nano.a(lib_a-init.o)
                0x00000000080006dc                __libc_init_array
 *(.glue_7)
 .glue_7        0x0000000008000724        0x0 linker stubs
 *(.glue_7t)
 .glue_7t       0x0000000008000724        0x0 linker stubs
 *(.eh_frame)
 .eh_frame      0x0000000008000724        0x0 c:/st/stm32cubeide_1.9.0/stm32cubeide/plugins/com.st.stm32cube.ide.mcu.externaltools.gnu-tools-for-stm32.10.3-2021.10.win32_1.0.0.202111181127/tools/bin/../lib/gcc/arm-none-eabi/10.3.1/thumb/v7e-m+fp/hard/crtbegin.o
 *(.init)
 .init          0x0000000008000724        0x4 c:/st/stm32cubeide_1.9.0/stm32cubeide/plugins/com.st.stm32cube.ide.mcu.externaltools.gnu-tools-for-stm32.10.3-2021.10.win32_1.0.0.202111181127/tools/bin/../lib/gcc/arm-none-eabi/10.3.1/thumb/v7e-m+fp/hard/crti.o
                0x0000000008000724                _init
 .init          0x0000000008000728        0x8 c:/st/stm32cubeide_1.9.0/stm32cubeide/plugins/com.st.stm32cube.ide.mcu.externaltools.gnu-tools-for-stm32.10.3-2021.10.win32_1.0.0.202111181127/tools/bin/../lib/gcc/arm-none-eabi/10.3.1/thumb/v7e-m+fp/hard/crtn.o
 *(.fini)
 .fini          0x0000000008000730        0x4 c:/st/stm32cubeide_1.9.0/stm32cubeide/plugins/com.st.stm32cube.ide.mcu.externaltools.gnu-tools-for-stm32.10.3-2021.10.win32_1.0.0.202111181127/tools/bin/../lib/gcc/arm-none-eabi/10.3.1/thumb/v7e-m+fp/hard/crti.o
                0x0000000008000730                _fini
 .fini          0x0000000008000734        0x8 c:/st/stm32cubeide_1.9.0/stm32cubeide/plugins/com.st.stm32cube.ide.mcu.externaltools.gnu-tools-for-stm32.10.3-2021.10.win32_1.0.0.202111181127/tools/bin/../lib/gcc/arm-none-eabi/10.3.1/thumb/v7e-m+fp/hard/crtn.o
                0x000000000800073c                . = ALIGN (0x4)
                0x000000000800073c                _etext = .

.vfp11_veneer   0x000000000800073c        0x0
 .vfp11_veneer  0x000000000800073c        0x0 linker stubs

.v4_bx          0x000000000800073c        0x0
 .v4_bx         0x000000000800073c        0x0 linker stubs

.iplt           0x000000000800073c        0x0
 .iplt          0x000000000800073c        0x0 c:/st/stm32cubeide_1.9.0/stm32cubeide/plugins/com.st.stm32cube.ide.mcu.externaltools.gnu-tools-for-stm32.10.3-2021.10.win32_1.0.0.202111181127/tools/bin/../lib/gcc/arm-none-eabi/10.3.1/thumb/v7e-m+fp/hard/crtbegin.o

.rel.dyn        0x000000000800073c        0x0
 .rel.iplt      0x000000000800073c        0x0 c:/st/stm32cubeide_1.9.0/stm32cubeide/plugins/com.st.stm32cube.ide.mcu.externaltools.gnu-tools-for-stm32.10.3-2021.10.win32_1.0.0.202111181127/tools/bin/../lib/gcc/arm-none-eabi/10.3.1/thumb/v7e-m+fp/hard/crtbegin.o

.rodata         0x000000000800073c        0x0
                0x000000000800073c                . = ALIGN (0x4)
 *(.rodata)
 *(.rodata*)
                0x000000000800073c                . = ALIGN (0x4)

.ARM.extab      0x000000000800073c        0x0
                0x000000000800073c                . = ALIGN (0x4)
 *(.ARM.extab* .gnu.linkonce.armextab.*)
                0x000000000800073c                . = ALIGN (0x4)

.ARM            0x000000000800073c        0x0
                0x000000000800073c                . = ALIGN (0x4)
                0x000000000800073c                __exidx_start = .
 *(.ARM.exidx*)
                0x000000000800073c                __exidx_end = .
                0x000000000800073c                . = ALIGN (0x4)

.preinit_array  0x000000000800073c        0x0
                0x000000000800073c                . = ALIGN (0x4)
                0x000000000800073c                PROVIDE (__preinit_array_start = .)
 *(.preinit_array*)
                0x000000000800073c                PROVIDE (__preinit_array_end = .)
                0x000000000800073c                . = ALIGN (0x4)

.init_array     0x000000000800073c        0x4
                0x000000000800073c                . = ALIGN (0x4)
                0x000000000800073c                PROVIDE (__init_array_start = .)
 *(SORT_BY_NAME(.init_array.*))
 *(.init_array*)
 .init_array    0x000000000800073c        0x4 c:/st/stm32cubeide_1.9.0/stm32cubeide/plugins/com.st.stm32cube.ide.mcu.externaltools.gnu-tools-for-stm32.10.3-2021.10.win32_1.0.0.202111181127/tools/bin/../lib/gcc/arm-none-eabi/10.3.1/thumb/v7e-m+fp/hard/crtbegin.o
                0x0000000008000740                PROVIDE (__init_array_end = .)
                0x0000000008000740                . = ALIGN (0x4)

.fini_array     0x0000000008000740        0x4
                0x0000000008000740                . = ALIGN (0x4)
                [!provide]                        PROVIDE (__fini_array_start = .)
 *(SORT_BY_NAME(.fini_array.*))
 *(.fini_array*)
 .fini_array    0x0000000008000740        0x4 c:/st/stm32cubeide_1.9.0/stm32cubeide/plugins/com.st.stm32cube.ide.mcu.externaltools.gnu-tools-for-stm32.10.3-2021.10.win32_1.0.0.202111181127/tools/bin/../lib/gcc/arm-none-eabi/10.3.1/thumb/v7e-m+fp/hard/crtbegin.o
                [!provide]                        PROVIDE (__fini_array_end = .)
                0x0000000008000744                . = ALIGN (0x4)
                0x0000000008000744                _sidata = LOADADDR (.data)

.data           0x0000000020000000        0x0 load address 0x0000000008000744
                0x0000000020000000                . = ALIGN (0x4)
                0x0000000020000000                _sdata = .
 *(.data)
 *(.data*)
 *(.RamFunc)
 *(.RamFunc*)
                0x0000000020000000                . = ALIGN (0x4)
                0x0000000020000000                _edata = .

.igot.plt       0x0000000020000000        0x0 load address 0x0000000008000744
 .igot.plt      0x0000000020000000        0x0 c:/st/stm32cubeide_1.9.0/stm32cubeide/plugins/com.st.stm32cube.ide.mcu.externaltools.gnu-tools-for-stm32.10.3-2021.10.win32_1.0.0.202111181127/tools/bin/../lib/gcc/arm-none-eabi/10.3.1/thumb/v7e-m+fp/hard/crtbegin.o
                0x0000000020000000                . = ALIGN (0x4)

.bss            0x0000000020000000       0x1c load address 0x0000000008000744
                0x0000000020000000                _sbss = .
                0x0000000020000000                __bss_start__ = _sbss
 *(.bss)
 .bss           0x0000000020000000       0x1c c:/st/stm32cubeide_1.9.0/stm32cubeide/plugins/com.st.stm32cube.ide.mcu.externaltools.gnu-tools-for-stm32.10.3-2021.10.win32_1.0.0.202111181127/tools/bin/../lib/gcc/arm-none-eabi/10.3.1/thumb/v7e-m+fp/hard/crtbegin.o
 *(.bss*)
 *(COMMON)
                0x000000002000001c                . = ALIGN (0x4)
                0x000000002000001c                _ebss = .
                0x000000002000001c                __bss_end__ = _ebss

._user_heap_stack
                0x000000002000001c      0x604 load address 0x0000000008000744
                0x0000000020000020                . = ALIGN (0x8)
 *fill*         0x000000002000001c        0x4 
                [!provide]                        PROVIDE (end = .)
                0x0000000020000020                PROVIDE (_end = .)
                0x0000000020000220                . = (. + _Min_Heap_Size)
 *fill*         0x0000000020000020      0x200 
                0x0000000020000620                . = (. + _Min_Stack_Size)
 *fill*         0x0000000020000220      0x400 
                0x0000000020000620                . = ALIGN (0x8)

/DISCARD/
 libc.a(*)
 libm.a(*)
 libgcc.a(*)

.ARM.attributes
                0x0000000000000000       0x30
 *(.ARM.attributes)
 .ARM.attributes
                0x0000000000000000       0x1e c:/st/stm32cubeide_1.9.0/stm32cubeide/plugins/com.st.stm32cube.ide.mcu.externaltools.gnu-tools-for-stm32.10.3-2021.10.win32_1.0.0.202111181127/tools/bin/../lib/gcc/arm-none-eabi/10.3.1/thumb/v7e-m+fp/hard/crti.o
 .ARM.attributes
                0x000000000000001e       0x34 c:/st/stm32cubeide_1.9.0/stm32cubeide/plugins/com.st.stm32cube.ide.mcu.externaltools.gnu-tools-for-stm32.10.3-2021.10.win32_1.0.0.202111181127/tools/bin/../lib/gcc/arm-none-eabi/10.3.1/thumb/v7e-m+fp/hard/crtbegin.o
 .ARM.attributes
                0x0000000000000052       0x34 ./Driver/Src/driver_gpio.o
 .ARM.attributes
                0x0000000000000086       0x34 ./Simple ASW/gpio_main.o
 .ARM.attributes
                0x00000000000000ba       0x21 ./Startup/startup_stm32f411vetx.o
 .ARM.attributes
                0x00000000000000db       0x34 c:/st/stm32cubeide_1.9.0/stm32cubeide/plugins/com.st.stm32cube.ide.mcu.externaltools.gnu-tools-for-stm32.10.3-2021.10.win32_1.0.0.202111181127/tools/bin/../lib/gcc/arm-none-eabi/10.3.1/../../../../arm-none-eabi/lib/thumb/v7e-m+fp/hard\libc_nano.a(lib_a-init.o)
 .ARM.attributes
                0x000000000000010f       0x1e c:/st/stm32cubeide_1.9.0/stm32cubeide/plugins/com.st.stm32cube.ide.mcu.externaltools.gnu-tools-for-stm32.10.3-2021.10.win32_1.0.0.202111181127/tools/bin/../lib/gcc/arm-none-eabi/10.3.1/thumb/v7e-m+fp/hard/crtn.o
OUTPUT(STM32F411DISCO_DRIVER.elf elf32-littlearm)
LOAD linker stubs
LOAD c:/st/stm32cubeide_1.9.0/stm32cubeide/plugins/com.st.stm32cube.ide.mcu.externaltools.gnu-tools-for-stm32.10.3-2021.10.win32_1.0.0.202111181127/tools/bin/../lib/gcc/arm-none-eabi/10.3.1/../../../../arm-none-eabi/lib/thumb/v7e-m+fp/hard\libc.a
LOAD c:/st/stm32cubeide_1.9.0/stm32cubeide/plugins/com.st.stm32cube.ide.mcu.externaltools.gnu-tools-for-stm32.10.3-2021.10.win32_1.0.0.202111181127/tools/bin/../lib/gcc/arm-none-eabi/10.3.1/../../../../arm-none-eabi/lib/thumb/v7e-m+fp/hard\libm.a
LOAD c:/st/stm32cubeide_1.9.0/stm32cubeide/plugins/com.st.stm32cube.ide.mcu.externaltools.gnu-tools-for-stm32.10.3-2021.10.win32_1.0.0.202111181127/tools/bin/../lib/gcc/arm-none-eabi/10.3.1/thumb/v7e-m+fp/hard\libgcc.a

.debug_info     0x0000000000000000      0xa43
 .debug_info    0x0000000000000000      0x78e ./Driver/Src/driver_gpio.o
 .debug_info    0x000000000000078e      0x293 ./Simple ASW/gpio_main.o
 .debug_info    0x0000000000000a21       0x22 ./Startup/startup_stm32f411vetx.o

.debug_abbrev   0x0000000000000000      0x26a
 .debug_abbrev  0x0000000000000000      0x135 ./Driver/Src/driver_gpio.o
 .debug_abbrev  0x0000000000000135      0x123 ./Simple ASW/gpio_main.o
 .debug_abbrev  0x0000000000000258       0x12 ./Startup/startup_stm32f411vetx.o

.debug_aranges  0x0000000000000000       0xc0
 .debug_aranges
                0x0000000000000000       0x70 ./Driver/Src/driver_gpio.o
 .debug_aranges
                0x0000000000000070       0x28 ./Simple ASW/gpio_main.o
 .debug_aranges
                0x0000000000000098       0x28 ./Startup/startup_stm32f411vetx.o

.debug_ranges   0x0000000000000000       0x98
 .debug_ranges  0x0000000000000000       0x60 ./Driver/Src/driver_gpio.o
 .debug_ranges  0x0000000000000060       0x18 ./Simple ASW/gpio_main.o
 .debug_ranges  0x0000000000000078       0x20 ./Startup/startup_stm32f411vetx.o

.debug_macro    0x0000000000000000     0x1c71
 .debug_macro   0x0000000000000000       0xc2 ./Driver/Src/driver_gpio.o
 .debug_macro   0x00000000000000c2      0xa84 ./Driver/Src/driver_gpio.o
 .debug_macro   0x0000000000000b46       0x22 ./Driver/Src/driver_gpio.o
 .debug_macro   0x0000000000000b68       0x8e ./Driver/Src/driver_gpio.o
 .debug_macro   0x0000000000000bf6       0x51 ./Driver/Src/driver_gpio.o
 .debug_macro   0x0000000000000c47      0x103 ./Driver/Src/driver_gpio.o
 .debug_macro   0x0000000000000d4a       0x6a ./Driver/Src/driver_gpio.o
 .debug_macro   0x0000000000000db4      0x1df ./Driver/Src/driver_gpio.o
 .debug_macro   0x0000000000000f93      0x174 ./Driver/Src/driver_gpio.o
 .debug_macro   0x0000000000001107      0x74c ./Driver/Src/driver_gpio.o
 .debug_macro   0x0000000000001853       0xbe ./Driver/Src/driver_gpio.o
 .debug_macro   0x0000000000001911       0xd6 ./Driver/Src/driver_gpio.o
 .debug_macro   0x00000000000019e7      0x108 ./Driver/Src/driver_gpio.o
 .debug_macro   0x0000000000001aef       0xc4 ./Driver/Src/driver_gpio.o
 .debug_macro   0x0000000000001bb3       0xbe ./Simple ASW/gpio_main.o

.debug_line     0x0000000000000000      0xdb3
 .debug_line    0x0000000000000000      0x8b5 ./Driver/Src/driver_gpio.o
 .debug_line    0x00000000000008b5      0x47a ./Simple ASW/gpio_main.o
 .debug_line    0x0000000000000d2f       0x84 ./Startup/startup_stm32f411vetx.o

.debug_str      0x0000000000000000     0x69f0
 .debug_str     0x0000000000000000     0x6978 ./Driver/Src/driver_gpio.o
                                       0x6b7e (size before relaxing)
 .debug_str     0x0000000000006978       0x47 ./Simple ASW/gpio_main.o
                                       0x6910 (size before relaxing)
 .debug_str     0x00000000000069bf       0x31 ./Startup/startup_stm32f411vetx.o
                                         0x6f (size before relaxing)

.comment        0x0000000000000000       0x50
 .comment       0x0000000000000000       0x50 ./Driver/Src/driver_gpio.o
                                         0x51 (size before relaxing)
 .comment       0x0000000000000050       0x51 ./Simple ASW/gpio_main.o

.debug_frame    0x0000000000000000      0x24c
 .debug_frame   0x0000000000000000      0x1c8 ./Driver/Src/driver_gpio.o
 .debug_frame   0x00000000000001c8       0x58 ./Simple ASW/gpio_main.o
 .debug_frame   0x0000000000000220       0x2c c:/st/stm32cubeide_1.9.0/stm32cubeide/plugins/com.st.stm32cube.ide.mcu.externaltools.gnu-tools-for-stm32.10.3-2021.10.win32_1.0.0.202111181127/tools/bin/../lib/gcc/arm-none-eabi/10.3.1/../../../../arm-none-eabi/lib/thumb/v7e-m+fp/hard\libc_nano.a(lib_a-init.o)
