../Driver/Src/driver_spi.c:16:6:SPI_PeriClockControl	16	static
../Driver/Src/driver_spi.c:46:6:SPI_Init	24	static
../Driver/Src/driver_spi.c:90:6:SPI_DeInit	16	static
../Driver/Src/driver_spi.c:111:9:SPI_GetFlagStatus	16	static
../Driver/Src/driver_spi.c:123:6:SPI_SendData	24	static
../Driver/Src/driver_spi.c:150:6:SPI_ReceiveData	24	static
../Driver/Src/driver_spi.c:177:9:SPI_SendDataIT	32	static
../Driver/Src/driver_spi.c:195:9:SPI_ReceiveDataIT	32	static
../Driver/Src/driver_spi.c:219:6:SPI_IRQITConfig	16	static
../Driver/Src/driver_spi.c:257:6:SPI_IRQPriorityConfig	24	static
../Driver/Src/driver_spi.c:269:6:SPI_IRQHandling	24	static
../Driver/Src/driver_spi.c:307:6:SPI_PeripheralControl	16	static
../Driver/Src/driver_spi.c:318:6:SPI_SSIConfig	16	static
../Driver/Src/driver_spi.c:329:6:SPI_SSOEConfig	16	static
../Driver/Src/driver_spi.c:341:13:spi_txe_interupt_handle	16	static
../Driver/Src/driver_spi.c:370:13:spi_rxne_interupt_handle	16	static
../Driver/Src/driver_spi.c:399:13:spi_ovr_err_interupt_handle	24	static
../Driver/Src/driver_spi.c:414:6:SPI_ClearOVRFlag	24	static
../Driver/Src/driver_spi.c:423:6:SPI_CloseTransmisson	16	static
../Driver/Src/driver_spi.c:431:6:SPI_CloseRecception	16	static
../Driver/Src/driver_spi.c:439:26:SPI_ApplicationEventCallBack	16	static
